// Jest Snapshot v1, https://goo.gl/fbAQLP

exports[`Render the ButtonPannel component  correctly 1`] = `
<tbody
  className="inner-box"
>
  <tr>
    <td
      colSpan={1}
    >
      <button
        className="light-mode"
        onClick={[Function]}
        type="button"
      >
        AC
      </button>
    </td>
    <td
      colSpan={1}
    >
      <button
        className="light-mode"
        onClick={[Function]}
        type="button"
      >
        +/-
      </button>
    </td>
    <td
      colSpan={1}
    >
      <button
        className="light-mode"
        onClick={[Function]}
        type="button"
      >
        %
      </button>
    </td>
    <td
      colSpan={1}
    >
      <button
        className="blue-btn"
        onClick={[Function]}
        type="button"
      >
        รท
      </button>
    </td>
  </tr>
  <tr>
    <td
      colSpan={1}
    >
      <button
        className="light-mode"
        onClick={[Function]}
        type="button"
      >
        7
      </button>
    </td>
    <td
      colSpan={1}
    >
      <button
        className="light-mode"
        onClick={[Function]}
        type="button"
      >
        8
      </button>
    </td>
    <td
      colSpan={1}
    >
      <button
        className="light-mode"
        onClick={[Function]}
        type="button"
      >
        9
      </button>
    </td>
    <td
      colSpan={1}
    >
      <button
        className="blue-btn"
        onClick={[Function]}
        type="button"
      >
        X
      </button>
    </td>
  </tr>
  <tr>
    <td
      colSpan={1}
    >
      <button
        className="light-mode"
        onClick={[Function]}
        type="button"
      >
        4
      </button>
    </td>
    <td
      colSpan={1}
    >
      <button
        className="light-mode"
        onClick={[Function]}
        type="button"
      >
        5
      </button>
    </td>
    <td
      colSpan={1}
    >
      <button
        className="light-mode"
        onClick={[Function]}
        type="button"
      >
        6
      </button>
    </td>
    <td
      colSpan={1}
    >
      <button
        className="blue-btn"
        onClick={[Function]}
        type="button"
      >
        -
      </button>
    </td>
  </tr>
  <tr>
    <td
      colSpan={1}
    >
      <button
        className="light-mode"
        onClick={[Function]}
        type="button"
      >
        1
      </button>
    </td>
    <td
      colSpan={1}
    >
      <button
        className="light-mode"
        onClick={[Function]}
        type="button"
      >
        2
      </button>
    </td>
    <td
      colSpan={1}
    >
      <button
        className="light-mode"
        onClick={[Function]}
        type="button"
      >
        3
      </button>
    </td>
    <td
      colSpan={1}
    >
      <button
        className="blue-btn"
        onClick={[Function]}
        type="button"
      >
        +
      </button>
    </td>
  </tr>
  <tr>
    <td
      colSpan={1}
    >
      <button
        className="light-mode"
        onClick={[Function]}
        type="button"
      >
        0
      </button>
    </td>
    <td
      colSpan={1}
    >
      <button
        className="light-mode"
        onClick={[Function]}
        type="button"
      >
        .
      </button>
    </td>
    <td
      colSpan={2}
    >
      <button
        className="equal"
        onClick={[Function]}
        type="button"
      >
        =
      </button>
    </td>
  </tr>
</tbody>
`;
