// Jest Snapshot v1, https://goo.gl/fbAQLP

exports[`Render the display component  correctly 1`] = `
<thead>
  <tr>
    <th
      colSpan={5}
    >
      <div
        className="calc-display"
        id="display"
      />
    </th>
  </tr>
</thead>
`;
