// Jest Snapshot v1, https://goo.gl/fbAQLP

exports[`Home has  same content with the snapshot 1`] = `
<h1>
  Math Magician
</h1>
`;
